[Tue Nov 11 20:43:53 EST 2025] Ghostbush sync executed by Flatbush
[2025-11-11 20:52:14] Ghostbush sync executed by Flatbush
[11/12/2025 12:19:06 PM] Ghostbush sync executed by Flatbush
[11/12/2025 12:20:09 PM] Ghostbush sync executed by Flatbush
[11/12/2025 12:20:42 PM] Ghostbush sync executed by Flatbush
[2025-11-14 17:03:13] Ghostbush sync script executed.
[2025-11-14 17:15:37] Ghostbush sync script executed.
[2025-11-14 17:17:37] Ghostbush sync script executed.
[2025-11-16 00:28:47.073133] GhostBush sync pushed by Flatbush
[2025-11-16 00:29:23.937171] GhostBush sync pushed by Flatbush
[2025-11-16 00:30:13.961331] GhostBush sync pushed by Flatbush
[2025-11-16 00:31:05.338688] GhostBush sync pushed by Flatbush
[2025-11-16 00:31:19.420695] GhostBush sync pushed by Flatbush
[2025-11-16 00:33:06.083811] GhostBush sync pushed by Flatbush
[2025-11-16 00:34:51.230044] GhostBush sync pushed by Flatbush
[2025-11-16 00:36:52.417113] GhostBush sync pushed by Flatbush
[2025-11-16 00:39:00.472076] GhostBush sync pushed by Flatbush
[2025-11-16 00:39:41.611244] GhostBush sync pushed by Flatbush
Crown executed at: Sun Nov 16 00:39:42 EST 2025
[2025-11-16 00:40:16.401556] GhostBush sync pushed by Flatbush
Crown executed at: Sun Nov 16 00:40:17 EST 2025 | ID: 3e507ee
[2025-11-16 00:41:02.210915] GhostBush sync pushed by Flatbush
Crown #1 executed at: Sun Nov 16 00:41:03 EST 2025 | ID: 09a7405
[2025-11-16 00:41:33.266521] GhostBush sync pushed by Flatbush
Crown #2 executed at: Sun Nov 16 00:41:34 EST 2025 | ID: bd64941
[2025-11-16 00:42:47.984291] GhostBush sync pushed by Flatbush
Crown #3 executed at: Sun Nov 16 00:42:49 EST 2025 | ID: 0a4875f
